
> flower-shop-t3@1.0.0 build
> next build

   Ôû▓ Next.js 15.0.3
   - Environments: .env.local

   Creating an optimized production build ...
npm : (node:7908) [DEP0040] DeprecationWarning: The `punycode` 
module is deprecated. Please use a userland alternative instead.
At line:1 char:1
+ npm run build > build_output.txt 2>&1
+ ~~~~~~~~~~~~~~~~~~~~~~~~~~~~~~~~~~~~~
    + CategoryInfo          : NotSpecified: ((node:7908) [DE...n 
   ative instead.:String) [], RemoteException
    + FullyQualifiedErrorId : NativeCommandError
 
(Use `node --trace-deprecation ...` to show where the warning 
was created)
uncaughtException [Error: EPERM: operation not permitted, open 
'C:\Users\JohnP\Flowers\.next\trace'] {
  errno: -4048,
  code: 'EPERM',
  syscall: 'open',
  path: 'C:\\Users\\JohnP\\Flowers\\.next\\trace'
}
